$Version=2$
check_stub "system/report"
    {
    // Check Stub (printed when issuing a check)
    //
    title = "Check Stub";
    document_format="application/pdf";
    resolution = 300;
    pagewidth=85;
    pageheight=66;
    marginleft=2.0;
    marginright=2.0;
    margintop=3;
    marginbottom=3;

    // Parameters
    ledger "report/parameter" { type=string; }
    disb_batch "report/parameter" { type=integer; }
    disb_id "report/parameter" { type=integer; }
    unposted "report/parameter" { type=integer; default=0; }

    // Office
    ofckey "report/parameter" { type=string; default=runserver( (select :a_config_value from /apps/kardia/data/Kardia_DB/a_config/rows cfg where :cfg:a_ledger_number = :this:ledger and :cfg:a_config_name = 'OfcPartnerKey') ); }
    ofcloc "report/parameter" { type=string; default=runserver( (select :a_config_value from /apps/kardia/data/Kardia_DB/a_config/rows cfg where :cfg:a_ledger_number = :this:ledger and :cfg:a_config_name = 'OfcRcptLocation') ); }

    // Query to get site information
    site_qy "report/query"
	{
	sql = "	SELECT
			*
		FROM
			OBJECT /apps/kardia/data/Site.struct
		";
	}

    // Get ledger info
    ledger_qy "report/query"
	{
	sql = "	SELECT
			*
		FROM
			/apps/kardia/data/Kardia_DB/a_ledger/rows
		WHERE
			:a_ledger_number = :this:ledger
		";
	}

    // Office name and address
    office_qy "report/query"
	{
	// the use of the aggregate first() is to convert this query into
	// a group, which returns a null row if nothing matches, rather than
	// no rows.
	sql = " SELECT
			p_partner_key = first(:p:p_partner_key),
			acct_name = condition(char_length(rtrim(:p:p_org_name)) > 0, :p:p_org_name, :p:p_given_name + ' ' + :p:p_surname),
			:p:p_org_name,
			:p:p_surname,
			:p:p_given_name,
			:p:p_title,
			:pl:p_in_care_of,
			:pl:p_address_1,
			:pl:p_address_2,
			:pl:p_address_3,
			:pl:p_city,
			:pl:p_state_province,
			:pl:p_postal_code,
			:pl:p_country_code,
			p_country_name = upper(:c:p_country_name),
			:af:p_format
		FROM
			/apps/kardia/data/Kardia_DB/p_partner/rows p,
			/apps/kardia/data/Kardia_DB/p_location/rows pl,
			/apps/kardia/data/Kardia_DB/p_country/rows c,
			/apps/kardia/data/Kardia_DB/p_address_format/rows af
		WHERE
			:p:p_partner_key = :this:ofckey and
			:pl:p_partner_key =* :p:p_partner_key and
			:pl:p_revision_id = 0 and 
			:pl:p_location_id = convert(integer, :this:ofcloc) and
			:pl:p_record_status_code != 'O' and
			:c:p_country_code =* :pl:p_country_code and
			:af:p_country_code =* :c:p_country_code and
			:af:p_address_set = 'STANDARD'
		";
	}

    // Unposted content?
    unposted_qy "report/query"
	{
	sql = "	select
			cnt = count(1)
		from
			/apps/kardia/data/Kardia_DB/a_subtrx_cashdisb/rows d
		where
			:d:a_ledger_number = :this:ledger and
			:d:a_batch_number = :this:disb_batch and
			(:d:a_disbursement_id = :this:disb_id or :this:disb_id is null) and
			:d:a_posted = 0
		";
	}

    // List of checks
    checks_qy "report/query"
	{
	sql = "	select
			:d:a_ledger_number,
			:d:a_batch_number,
			:d:a_disbursement_id,
			:d:a_payee_partner_key,
			:d:a_voided,
			:d:a_paid_date,
			:d:a_effective_date,
			:d:a_check_number
		from
			/apps/kardia/data/Kardia_DB/a_subtrx_cashdisb/rows d
		where
			:d:a_ledger_number = :this:ledger and
			:d:a_batch_number = :this:disb_batch and
			(:d:a_disbursement_id = :this:disb_id or :this:disb_id is null) and
			(:d:a_posted = 1 or :this:unposted = 1)
		group by
			:d:a_ledger_number,
			:d:a_batch_number,
			:d:a_disbursement_id
		";
	}

    // List of line items
    items_qy "report/query"
	{
	sql = "	select
			:d:a_fund,
			:c:a_fund_desc,
			:d:a_account_code,
			:a:a_acct_desc,
			:d:a_amount,
			:d:a_comment
		from
			/apps/kardia/data/Kardia_DB/a_subtrx_cashdisb/rows d,
			/apps/kardia/data/Kardia_DB/a_fund/rows c,
			/apps/kardia/data/Kardia_DB/a_account/rows a
		where
			:d:a_ledger_number = :checks_qy:a_ledger_number and
			:d:a_batch_number = :checks_qy:a_batch_number and
			:d:a_disbursement_id = :checks_qy:a_disbursement_id and
			(:d:a_posted = 1 or :this:unposted = 1) and
			:c:a_ledger_number = :d:a_ledger_number and
			:c:a_fund = :d:a_fund and
			:a:a_ledger_number = :d:a_ledger_number and
			:a:a_account_code = :d:a_account_code
		";
	sum_amount "report/aggregate" { compute="sum(:a_amount)"; }
	}

    // Get payee information
    payee_qy "report/query"
	{
	sql = "	SELECT
			:p:p_partner_key,
			acct_name = condition(char_length(rtrim(:p:p_org_name)) > 0, :p:p_org_name, :p:p_given_name + ' ' + :p:p_surname),
			:p:p_org_name,
			:p:p_surname,
			:p:p_given_name,
			:p:p_title,
			:pl:p_in_care_of,
			:pl:p_address_1,
			:pl:p_address_2,
			:pl:p_address_3,
			:pl:p_city,
			:pl:p_state_province,
			:pl:p_postal_code,
			:pl:p_country_code,
			partner_changed = :p:s_date_modified,
			addr_changed = :pl:s_date_modified,
			p_country_name = upper(:c:p_country_name),
			:af:p_format
		FROM
			/apps/kardia/data/Kardia_DB/p_partner/rows p,
			/apps/kardia/data/Kardia_DB/p_location/rows pl,
			/apps/kardia/data/Kardia_DB/p_country/rows c,
			/apps/kardia/data/Kardia_DB/p_address_format/rows af
		WHERE
			:p:p_partner_key = :checks_qy:a_payee_partner_key and
			:pl:p_partner_key =* :p:p_partner_key and
			:pl:p_revision_id = 0 and 
			:pl:p_record_status_code != 'O' and
			:c:p_country_code =* :pl:p_country_code and
			:af:p_country_code =* :c:p_country_code and
			:af:p_address_set = 'STANDARD'
		GROUP BY
			:p:p_partner_key
		";
	}


    // Body of report
    //
    ledger_form "report/form"
	{
	moneyformat = "-###,###,##0.00";
	dateformat = "dd-MMM-yyyy";
	ffsep = yes;

	source = site_qy,office_qy,ledger_qy,unposted_qy,checks_qy,payee_qy;

	hdrimg "report/image"
	    {
	    x=67.85;y=0;height=4;
	    //width=runserver(4.0 * :site_qy:site_logo_width / :site_qy:site_logo_height);
	    width = 12.15;
	    //source=runserver(:site_qy:site_logo);
	    source = /apps/kardia/data/Site.struct:site_report_logo;
	    }

	rpt_title "report/area"
	    {
	    x=0; y=0; width=80; height=4;
	    font=helvetica;
	    align=left;
	    t_d0 "report/data" { fontsize=15; style=bold; value = runserver(condition(:unposted_qy:cnt > 0, "UNPOSTED ", "") +  "Payment Information\n"); }
	    t_d1 "report/data" { fontsize=10; value = runserver("From " + :ledger_qy:a_ledger_desc + "\n"); }
	    t_d2 "report/data" { fontsize=10; value = runserver("To " + :payee_qy:acct_name + isnull(", " + :payee_qy:p_city + ", " + :payee_qy:p_state_province, "") + "\n"); }
	    t_d4 "report/data" { fontsize=8; value = runserver("Printed by: " + user_name() + " on " + getdate() + "\n"); dateformat="dd-MMM-yyyy hh:mm:ss"; }
	    }

	pay_from "report/area"
	    {
	    x=50.5; y=6.5; width=25; height=1;
	    font=helvetica;
	    g_d0 "report/data" { fontsize=15; style=bold; value="From:\n"; }
	    g_d1 "report/data" { fontsize=10; value=runserver('\n' + :office_qy:acct_name + "\n"); }
	    g_d2 "report/data" { fontsize=10; value=runserver(substitute(isnull(:office_qy:p_format, '[:p_in_care_of]\n[:p_address_1]\n[:p_address_2]\n[:p_address_3]\n[:p_city], [:p_state_province] [:p_postal_code]\n[:p_country_name]'), 'l=office_qy,p=office_qy')); }
	    }

	payee_addresses "report/area"
	    {
	    x=4; y=6; width=72; height=0;
	    font=helvetica;
	    border=0.03;
	    margintop=0.5;
	    marginbottom=0.5;
	    marginleft=3.0;
	    marginright=3.0;

	    d_d0 "report/data" { fontsize=15; style=bold; value=runserver("Payee #" + :payee_qy:p_partner_key + ":\n"); }
	    d_d1 "report/data" { fontsize=10; value=runserver('\n' + :payee_qy:acct_name + "\n"); }
	    d_d2 "report/data" { fontsize=10; value=runserver(substitute(isnull(:payee_qy:p_format, '[:p_in_care_of]\n[:p_address_1]\n[:p_address_2]\n[:p_address_3]\n[:p_city], [:p_state_province] [:p_postal_code]\n[:p_country_name]'), 'l=payee_qy,p=payee_qy')); }
	    }

	tablehdr "report/data" { fontsize=15; value="\nPayment Details:\n"; font=helvetica; style=bold; }

	items_table "report/table"
	    {
	    x=0; width=80; height=0;
	    columns=6;
	    widths=8,6,19,19,19.5,6;
	    colsep=0.5;
	    nullformat="";
	    moneyformat = "-###,###,##0.00";
	    dateformat = "dd-MMM-yyyy";
	    bottomborder=0.3;
	    margintop=0;
	    source=items_qy;
	    nodatamsg = no;

	    hdr "report/table-row"
		{
		header = yes;
		font=helvetica;
		fontsize=8;
		topborder=0.3;
		bottomborder=0.05;

		hp_date "report/table-cell" { value='Date'; align=center; }
		hp_ckno "report/table-cell" { value='Check #'; align=center; }
		hp_fund "report/table-cell" { value='Fund'; align=center; }
		hp_acct "report/table-cell" { value='Account'; align=center; }
		hp_comm "report/table-cell" { value='Comments'; align=center; }
		hp_amt "report/table-cell" { value='Amount'; align=center; }
		}

	    oneitem "report/table-row"
		{
		allowbreak=no;
		fontsize=9;
		font=helvetica;
		margintop = 0.1;

		p_date "report/table-cell" { value=runserver(condition(:items_qy:cx__rowid == 0, :checks_qy:a_effective_date, '')); }
		p_ckno "report/table-cell" { value=runserver(condition(:items_qy:cx__rowid == 0, :checks_qy:a_check_number, '')); }
		p_fund "report/table-cell" { value=runserver(:items_qy:a_fund + ' ' + :items_qy:a_fund_desc); }
		p_acct "report/table-cell" { value=runserver(:items_qy:a_account_code + ' ' + :items_qy:a_acct_desc); }
		p_comm "report/table-cell" { value=runserver(:items_qy:a_comment); }
		p_amt "report/table-cell" { value=runserver(:items_qy:a_amount); font=courier; align=right; }
		}

	    summary "report/table-row"
		{
		summary = yes;
		allowbreak=no;
		fontsize=9;
		font=helvetica;
		margintop = 0.1;
		topborder = 0.05;

		s_date "report/table-cell" { value=runserver(''); }
		s_ckno "report/table-cell" { value=runserver(''); }
		s_fund "report/table-cell" { value=runserver(''); }
		s_acct "report/table-cell" { value=runserver('');}
		s_comm "report/table-cell" { value=runserver('TOTAL:'); align=right; }
		s_amt "report/table-cell" { value=runserver(:items_qy:sum_amount); font=courier; align=right; style=bold; }
		}
	    }
	}
    }

