$Version=2$
disbursements_payees "system/report"
    {
    title = "Disbursements Payees";
    resolution = 300;
    document_format="application/pdf";

    pagewidth=85;
    pageheight=66;
    marginleft=5;
    marginright=5;
    margintop=3;
    marginbottom=3;

    ledger "report/parameter" { type=string; default=null; }

    year_period "report/parameter"
	{
	default = runserver((select :a_period from /apps/kardia/data/Kardia_DB/a_period/rows where :a_ledger_number = :this:ledger and datepart(year,getdate()) == datepart(year, :a_start_date) and :a_parent_period is null));
	type = string;
	}

    startperiod "report/parameter"
	{
	default = runserver((select min(:a_period) from /apps/kardia/data/Kardia_DB/a_period/rows where :a_ledger_number = :this:ledger and :a_parent_period = :this:year_period));
	type=string;
	}

    endperiod "report/parameter"
	{
	default = runserver((select max(:a_period) from /apps/kardia/data/Kardia_DB/a_period/rows where :a_ledger_number = :this:ledger and :a_parent_period = :this:year_period));
	type=string;
	}

    fund "report/parameter" { type=string; default=null; }
    showacct "report/parameter" { default=0; type=integer; }

    // Here is the list of periods to use for the 12 period columns.
    pmt_summary "report/query"
	{
	sql =  runserver("
		declare object dinfo;

		SELECT
			sum = sum(:c:a_amount),
			count = count(:c:a_amount),
			:c:a_payee_partner_key,
			:c:a_period,
			:c:a_account_code,
			:a:a_acct_desc,
			nametxt = :c:a_payee_partner_key + ' ' + condition(char_length(:p:p_org_name) > 1, :p:p_org_name, :p:p_surname + ', ' + :p:p_given_name),
			sdate = substring(convert(string,min(:c:a_effective_date)),1,6),
			edate = substring(convert(string,max(:c:a_effective_date)),1,6),
			sacct = min(:c:a_account_code),
			eacct = max(:c:a_account_code)
		FROM
			/apps/kardia/data/Kardia_DB/a_subtrx_cashdisb/rows c,
			/apps/kardia/data/Kardia_DB/p_partner/rows p,
			/apps/kardia/data/Kardia_DB/a_account/rows a
		WHERE 
			:c:a_ledger_number = :this:ledger and
			:c:a_period >= :this:startperiod and
			:c:a_period <= :this:endperiod and
			:p:p_partner_key = :c:a_payee_partner_key and
			:c:a_posted = 1 and
			:a:a_ledger_number = :c:a_ledger_number and
			:a:a_account_code = :c:a_account_code and
			(:this:fund is null or :c:a_fund = :this:fund)
		GROUP BY
			:c:a_payee_partner_key " + condition(:this:showacct = 1, ', :c:a_account_code', '') + "
		");

	s_total_sum "report/aggregate" { compute="sum(:sum)"; }
	s_total_cnt "report/aggregate" { compute="sum(:count)"; }
	}

    paymtx_hdr "report/area"
	{
	x=0;width=75;height=0;
	font=helvetica;
	fontsize=10;
	paymtx_hdr_info "report/data"
	    {
	    align=center;
	    value=runserver("Disbursements Payees on [" + getdate() + " ET] requested by [" + user_name() + "]\nFor ledger " + :this:ledger + ", year " + :this:year_period + ", periods " + :this:startperiod + " through " + :this:endperiod + "\n\n");
	    }
	}

    payeelist "report/table"
	{
	source=pmt_summary;
	mode=normal;
	x=0; 
	width=75; height=0;
	topborder=0.3;
	bottomborder=0.3;
	columns=4;
	widths=25,25,12,7;
	colsep=0.8;
	shadow=0;
	nullformat="-";
	moneyformat="0.00";

	payee_list_hdr "report/table-row"
	    {
	    font=helvetica;
	    fontsize=8;
	    header=yes;
	    bottomborder=0.05;
	    h1 "report/table-cell" { value='Payee'; align=center; style=bold; }
	    h2 "report/table-cell" { value='Account'; align=center; style=bold; }
	    h3 "report/table-cell" { value='Dates'; align=center; style=bold; }
	    h4 "report/table-cell" { value='Total'; align=center; style=bold; }
	    }
	payee_list_row "report/table-row"
	    {
	    font=courier;
	    fontsize=7;
	    margintop=0.1;
	    marginbottom=0.1;
	    r1 "report/table-cell" { value=runserver(:pmt_summary:nametxt); align=left; font=helvetica; }
	    r2 "report/table-cell" { value=runserver(condition(:pmt_summary:sacct == :pmt_summary:eacct, :pmt_summary:a_account_code + ' (' + :pmt_summary:a_acct_desc + ')', 'multiple')); align=left; font=helvetica; }
	    r3 "report/table-cell" { value=runserver(condition(:pmt_summary:sdate == :pmt_summary:edate, :pmt_summary:sdate, :pmt_summary:sdate + ' - ' + :pmt_summary:edate)); font=helvetica; align=center; }
	    r4 "report/table-cell" { value=runserver(:pmt_summary:sum); align=right; }
	    }
	payee_list_summ "report/table-row"
	    {
	    summary=yes;
	    font=courier;
	    fontsize=7;
	    margintop=0.1;
	    marginbottom=0.1;
	    topborder=0.05;
	    style=bold;
	    r1 "report/table-cell" { value=runserver('TOTAL:'); align=right; }
	    r2 "report/table-cell" { value=runserver(''); align=right; }
	    r3 "report/table-cell" { value=runserver(''); align=right; }
	    r4 "report/table-cell" { value=runserver(:pmt_summary:s_total_sum); align=right; }
	    }
	}
    }

