$Version=2$
donation_checks "system/report"
    {
    title = "Donation Report by Check";

    document_format="application/pdf";
    resolution = 300;
    pagewidth=85;
    pageheight=66;
    marginleft=2.5;
    marginright=2.5;
    margintop=3;
    marginbottom=3;

    filename = runserver("donation_checks_" + :this:batch + ".pdf");

    // Parameters
    ledger "report/parameter" { type=string; default=null; }
    batch "report/parameter" { type=integer; default=null; }
    unposted "report/parameter" { type=integer; default=0; }

    ledger_qy "report/query"
	{
	sql = "select * from /apps/kardia/data/Kardia_DB/a_ledger/rows l where :l:a_ledger_number = :this:ledger";
	}

    batch_qy "report/query"
	{
	sql = runserver("
		select
			:b:a_ledger_number,
			batch = :b:a_batch_number,
			period = :b:a_period,
			date = :b:a_default_effective_date,
			:b:a_batch_desc,
			gtotal = $0 - sum(:t:a_amount),
			dtotal = (select sum(:g:a_amount) from /apps/kardia/data/Kardia_DB/a_subtrx_gift_group/rows g where :g:a_ledger_number = :b:a_ledger_number and :g:a_batch_number = :b:a_batch_number)
		from
			/apps/kardia/data/Kardia_DB/a_batch/rows b,
			/apps/kardia/data/Kardia_DB/a_transaction/rows t
		where
			:b:a_ledger_number = :this:ledger and
			:b:a_origin = 'CR' and
			:b:a_batch_number = :this:batch and
			" + condition(:this:unposted > 0, "", " :t:a_posted = 1 and", "") + "
			:t:a_ledger_number =* :b:a_ledger_number and
			:t:a_batch_number =* :b:a_batch_number and
			:t:a_journal_number = 1 and
			:t:a_account_code != '1900' and
			:t:a_amount < 0
		group by
			:b:a_ledger_number, :b:a_batch_number
		");
	}

    ck_qy "report/query"
	{
	sql = runserver("
		select
			cktotal = sum(:i:a_amount),
			batch = :i:a_batch_number,
			period = :i:a_period,
			date = isnull(:g:a_gift_postmark_date, :g:a_gift_received_date),
			check = :i:a_recv_document_id,
			extname = rtrim(:g:p_donor_partner_id + ' ' + condition(:p:p_partner_key is null, '**INVALID**', condition(char_length(rtrim(:p:p_org_name)) > 0, :p:p_org_name, rtrim(:p:p_given_name) + ' ' + :p:p_surname))),
			:g:a_gift_number,
			dcnt = count(:i:a_split_number)
		from
			/apps/kardia/data/Kardia_DB/a_subtrx_gift_group/rows g,
			/apps/kardia/data/Kardia_DB/a_subtrx_gift_item/rows i,
			/apps/kardia/data/Kardia_DB/p_partner/rows p
		where
			:g:a_ledger_number = :batch_qy:a_ledger_number and
			:g:a_batch_number = :batch_qy:batch and
			:p:p_partner_key =* :g:p_donor_partner_id and
			:i:a_ledger_number = :g:a_ledger_number and
			:i:a_batch_number = :g:a_batch_number and
			:i:a_gift_number = :g:a_gift_number
		group by
			:g:a_ledger_number,
			:g:a_batch_number,
			:g:a_gift_number,
			:i:a_recv_document_id
		");
	total "report/aggregate" { compute="sum(:cktotal)"; }
	cnt "report/aggregate" { compute="count(:cktotal)"; }
	}

    ledger_form "report/form"
	{
	source = ledger_qy, batch_qy;

	rpt_title "report/area"
	    {
	    x=0; width=80; height=3;
	    font=helvetica;
	    align=center;
	    t_d1 "report/data" { value = runserver("Donation Checks Report for " + :ledger_qy:a_ledger_desc + " (" + :ledger_qy:a_ledger_number + "), Batch #" + :this:batch + "\n"); }
	    t_d3 "report/data" { value = runserver("Requested by " + user_name() + " on " + getdate() + "\n"); }
	    t_d4 "report/data" { condition=runserver(:this:unposted); value = runserver("*** WARNING:  GL DATA INCLUDES UNPOSTED TRANSACTIONS ***\n"); }
	    }

	table "report/table"
	    {
	    x=0; width=80; height=0;
	    columns=3;
	    widths=10,30,10;
	    colsep=1;
	    source=ck_qy;
	    topborder=0.3;
	    bottomborder=0.3;
	    nullformat="-";
	    moneyformat = "Z###,###,###.00-";
	    dateformat = "dd-MMM-yyyy";

	    tbl_hdr "report/table-row"
		{
		header=yes;
		font=helvetica;
		fontsize=10;
		bottomborder=0.05;

		h_ckno "report/table-cell" { value='Check#'; align=center; style=bold; }
		h_donor "report/table-cell" { value='Donor'; align=center; style=bold; }
		h_amt "report/table-cell" { value='Amount'; align=center; style=bold; }
		}

	    tbl_row "report/table-row"
		{
		font=courier;
		fontsize=10;
		marginbottom=0.0;
		//margintop=0.8;
		//topborder=0.05;
		dateformat = "dd-MMM-yyyy";
		allowbreak=no;

		d_ckno "report/table-cell" { value=runserver(:ck_qy:check); align=left; }
		d_donor "report/table-cell" { value=runserver(:ck_qy:extname); align=left; font=helvetica; }
		d_amt "report/table-cell" { value=runserver(:ck_qy:cktotal); align=right; }
		}

	    tbl_sum_all "report/table-row"
		{
		summary=yes;
		font=courier;
		fontsize=10;
		topborder=0.3;
		marginbottom=0.2;

		s_ckno "report/table-cell" { value=runserver(''); align=left; }
		s_donor "report/table-cell" { value=runserver('Total (' + :ck_qy:cnt + ' checks):'); align=left; font=helvetica; }
		s_amt "report/table-cell" { value=runserver(:ck_qy:total); align=right; }
		}
	    }
	}
    }
