$Version=2$
monthly_gift_list "system/report"
    {
    // monthly_gift_list:  This report is used by the mailing dept for QA on
    // donor and mailing information for a given month.
    //
    // Report Parameters:
    //   - Accounting Period (year/month)
    //   - Ledger
    //
    // Report Contents:
    //   - List of donors, id's, and designations (be sure to include legacy id)
    //       * p_partner
    //       * a_subtrx_gift_group
    //       * a_subtrx_gift_item
    //       * a_fund
    //       * Filepro: Address (to ensure legacy donor# is right)
    //   - What mailing codes the donor is already subscribed to
    //       * m_list_membership
    //       * m_list
    //   - What mailing codes need to be added
    //       * Filepro: designat
    //   - Has donor given to this account before (since beginning of 2008)?
    //       * a_subtrx_gift_group
    //       * a_subtrx_gift_item

    title = "Monthly Donor List";
    document_format="application/pdf";
    resolution = 300;
    pagewidth=85;
    pageheight=66;
    marginleft=2.0;
    marginright=2.0;
    margintop=3;
    marginbottom=3;
    add_endorsements_sql = "select endorsement = :s_endorsement, context = :s_context from /apps/kardia/data/Kardia_DB/s_sec_endorsement/rows where :s_subject = 'u:' + user_name()";

    // Parameters
    ledger "report/parameter" { type=string; default=null; }
    period "report/parameter" { type=string; default=null; }
    show "report/parameter" { type=string; default="PS"; }

    ledger_qy "report/query"
	{
	sql = "select * from /apps/kardia/data/Kardia_DB/a_ledger/rows l where :l:a_ledger_number = :this:ledger";
	}

    period_qy "report/query"
	{
	sql = "select * from /apps/kardia/data/Kardia_DB/a_period/rows p where :p:a_ledger_number = :this:ledger and :p:a_period = :this:period";
	}

    // Query: get the list of donors that have given this month
    donor_list_qy "report/query"
	{
	sql = "	SELECT
			:g:p_donor_partner_id,
			:p:p_surname,
			:p:p_given_name,
			:p:p_org_name
		FROM
			/apps/kardia/data/Kardia_DB/a_subtrx_gift_group/rows g,
			/apps/kardia/data/Kardia_DB/p_partner/rows p
		WHERE
			:g:a_ledger_number = :this:ledger and
			:g:a_period = :this:period and
			:g:a_posted = 1 and
			:p:p_partner_key = :g:p_donor_partner_id
		GROUP BY
			:g:p_donor_partner_id
		";
	}

    // Query: Gifts by each donor
    gift_list_qy "report/query"
	{
	sql = "	SELECT
			ledger = :i:a_ledger_number,
			:c:a_fund_desc,
			:i:a_fund,
			giftdate = isnull(:i:a_dn_gift_postmark_date, :i:a_dn_gift_received_date),
			total = sum(:i:a_amount),
			cnt = count(:i:a_amount)
		FROM
			/apps/kardia/data/Kardia_DB/a_subtrx_gift_item/rows i,
			/apps/kardia/data/Kardia_DB/a_fund/rows c
		WHERE
			:i:p_dn_donor_partner_id = :donor_list_qy:p_donor_partner_id and
			:i:a_period = :this:period and
			:i:a_ledger_number = :this:ledger and
			:i:a_posted = 1 and
			:c:a_fund = :i:a_fund and
			:c:a_ledger_number = :i:a_ledger_number
		GROUP BY
			:i:p_dn_donor_partner_id,
			:i:a_fund
		";
	}

    // Query: existing subscriptions
    subs_qy "report/query"
	{
	sql = "	SELECT
			lists = isnull(sum(:m:m_list_code + ' ') - ' ', '')
		FROM
			/apps/kardia/data/Kardia_DB/m_list_membership/rows m,
			/apps/kardia/data/Kardia_DB/m_list/rows l
		WHERE
			:m:p_partner_key = :donor_list_qy:p_donor_partner_id and
			:m:m_membership_status = 'A' and
			:m:m_list_code = :l:m_list_code and
			:l:m_list_status = 'A' and
			(:l:m_discard_after is null or getdate() < :l:m_discard_after) and
			(:this:show is null or charindex(:l:m_list_type, :this:show) > 0)
		";
	}

    // this one uses converted kardia data instead
    list_qy "report/query"
	{
	sql = "	SELECT
			code = isnull(first(:d:m_list_code + ' '), '')
		FROM
			/apps/kardia/data/Kardia_DB/a_fund_auto_subscribe/rows d,
			/apps/kardia/data/Kardia_DB/m_list/rows l
		WHERE
			:d:a_ledger_number = :this:ledger and
			:d:a_fund = :gift_list_qy:a_fund and
			:l:m_list_code = :d:m_list_code and
			:l:m_list_status = 'A' and
			(:l:m_discard_after is null or getdate() < :l:m_discard_after) and
			(:this:show is null or charindex(:l:m_list_type, :this:show) > 0)
		";
	}

    // Here we go...
    ledger_form "report/form"
	{
	source = ledger_qy, period_qy;

	rpt_title "report/area"
	    {
	    x=0; width=80; height=3;
	    font=helvetica;
	    align=center;
	    t_d1 "report/data" { value = runserver("Donor List Report for " + :ledger_qy:a_ledger_desc + " (" + :ledger_qy:a_ledger_number + ")\n"); }
	    t_d2 "report/data" { value = runserver("For Period " + :this:period + " (" + :period_qy:a_period_desc + ")\n"); }
	    t_d3 "report/data" { value = runserver("Requested by " + user_name() + " on " + getdate() + "\n"); }
	    }

	table "report/table"
	    {
	    x=0; width=80; height=0;
	    columns=4;
	    widths=6,25,7,39;
	    colsep=1;
	    source=donor_list_qy, subs_qy, gift_list_qy, list_qy;
	    topborder=0.3;
	    bottomborder=0.3;
	    nullformat="";
	    moneyformat = "###,###,###.00";
	    dateformat = "dd-MMM-yyyy";

	    tbl_hdr "report/table-row"
		{
		header=yes;
		font=helvetica;
		fontsize=8;
		bottomborder=0.05;

		h_donorid "report/table-cell" { value='Partner'; align=left; style=bold; }
		h_name "report/table-cell" { value='Name'; align=left; style=bold; }
		h_amt "report/table-cell" { value='Amount'; align=left; style=bold; }
		h_subs "report/table-cell" { value='Existing Mailing Subscriptions'; align=left; style=bold; }
		}

	    tbl_donor "report/table-row"
		{
		condition=runserver(:gift_list_qy:cx__rowid == 0);
		font=courier;
		fontsize=8;
		marginbottom=0;
		margintop=0.50;
		style=bold;

		d_donorid "report/table-cell" { value=runserver(:donor_list_qy:p_donor_partner_id); }
		d_name "report/table-cell" { value=runserver(condition(char_length(rtrim(:donor_list_qy:p_given_name + :donor_list_qy:p_surname)) > 0, :donor_list_qy:p_given_name + ' ' + :donor_list_qy:p_surname + ' ', '') + condition(char_length(:donor_list_qy:p_org_name) > 0, :donor_list_qy:p_org_name, '')); font=helvetica; }
		d_amt "report/table-cell" { value=runserver(''); }
		d_subs "report/table-cell" { value=runserver(:subs_qy:lists); font=helvetica; style=plain; }
		}

	    tbl_gift "report/table-row"
		{
		font=courier;
		fontsize=8;
		marginbottom=0;
		margintop=0;

		g_donorid "report/table-cell" { value=runserver(''); }
		g_name "report/table-cell" { value=runserver(:gift_list_qy:a_fund + ' ' + :gift_list_qy:a_fund_desc); font=helvetica; }
		g_amt "report/table-cell" { value=runserver(condition(has_endorsement('kardia:gift_amt', 'kardia:ledger:' + rtrim(:gift_list_qy:ledger)), :gift_list_qy:total, '-')); align=left; }
		g_subs "report/table-cell" { value=runserver(condition(char_length(:list_qy:code) > 0 and not (charindex(' ' + rtrim(:list_qy:code) + ' ', ' ' + :subs_qy:lists + ' ') > 0), 'NEEDED: ' + :list_qy:code, '' )); font=helvetica; style=bold; }
		}
	    }
	}
    }
