$Version=2$
transaction_report "system/report"
    {
    title = "GL Transaction Report";

    document_format="application/pdf";

    resolution = 300;
    pagewidth=85;
    pageheight=66;
    marginleft=2.5;
    marginright=2.5;
    margintop=3;
    marginbottom=3;

    // Parameters for GL Transaction Report
    ledger "report/parameter" { type=string; default=null; }
    fund "report/parameter" { type=string; default=null; }
    balfund "report/parameter" { type=string; default=null; }
    account "report/parameter" { type=string; default=null; }
    ctlaccount "report/parameter" { type=string; default=null; }
    batch "report/parameter" { type=integer; default=null; }
    year_period "report/parameter" { type=string; default=null; }
    startperiod "report/parameter" { type=string; default=null; }
    endperiod "report/parameter" { type=string; default=null; }
    startdate "report/parameter" { type=string; default=null; }
    enddate "report/parameter" { type=string; default=null; }
    sortby "report/parameter" { type=string; default="pbjt"; }
    hide1900 "report/parameter" { type=integer; default=0; }
    onlyequity "report/parameter" { type=integer; default=0; }
    persubttl "report/parameter" { type=integer; default=0; }
    origin "report/parameter" { type=string; default=null; }

    ledger_qy "report/query"
	{
	sql = "select * from /apps/kardia/data/Kardia_DB/a_ledger/rows l where :l:a_ledger_number = :this:ledger";
	}

    year_qy "report/query"
	{
	sql = "select *, year = datepart(year, :a_start_date) from /apps/kardia/data/Kardia_DB/a_period/rows p where :p:a_period = :this:year_period and :p:a_ledger_number = :this:ledger";
	}

    fund_qy "report/query"
	{
	sql = "select fund_name = isnull(first(:a_fund_desc),'') from /apps/kardia/data/Kardia_DB/a_fund/rows c where :a_ledger_number = :this:ledger and :a_fund = :this:fund";
	}

    acct_qy "report/query"
	{
	sql = "select acct_name = isnull(first(:a_acct_desc),'') from /apps/kardia/data/Kardia_DB/a_account/rows a where :a_ledger_number = :this:ledger and :a_account_code = :this:account";
	}

    balfwd_qy "report/query"
	{
	sql = runserver("
		select
			cnt = count(1),
			total = isnull(sum(:t:a_amount), $0.00)
		from
			/apps/kardia/data/Kardia_DB/a_transaction/rows t,
			/apps/kardia/data/Kardia_DB/a_fund/rows c
		where
			:t:a_ledger_number = :this:ledger and
			:t:a_fund = :c:a_fund and
			:c:a_ledger_number = :this:ledger and
			not (:this:startperiod is null and :this:startdate is null) and
			datepart(year, :t:a_effective_date) = :year_qy:year " +

			    condition(:this:balfund is null, '', ' and :c:a_bal_fund = :this:balfund') + 
			    condition(:this:fund is null, '', ' and :t:a_fund = :this:fund') + 
			    condition(:this:account is null, '', ' and :t:a_account_code = :this:account') + 
			    condition(:this:ctlaccount is null, '', ' and :t:a_account_category = :this:ctlaccount') + 
			    condition(:this:batch is null, '', ' and :t:a_batch_number = :this:batch') + 
			    condition(:this:startperiod is null, '', ' and :t:a_period < :this:startperiod') + 
			    condition(:this:endperiod is null, '', ' and :t:a_period <= :this:endperiod') + 
			    condition(:this:startdate is null, '', ' and :t:a_effective_date < :this:startdate') + 
			    condition(:this:enddate is null, '', ' and :t:a_effective_date <= :this:enddate') + 
			    condition(:this:hide1900, ' and :t:a_account_code != "1900"', '') + 
			    condition(:this:onlyequity, ' and :t:a_account_code >= "3000" and :t:a_account_code <= "5999"', '') + 
			    condition(:this:origin is null, '', ' and :t:a_origin = :this:origin') + 
		"");
	}


    trx_qy "report/query"
	{
	sql = runserver("
		select
			:t:a_batch_number,
			:t:a_journal_number,
			:t:a_transaction_number,
			:t:a_period,
			:t:a_effective_date,
			:t:a_origin,
			:c:a_fund,
			:c:a_fund_desc,
			:c:a_bal_fund,
			:a:a_account_code,
			:a:a_acct_desc,
			:t:a_account_category,
			:t:a_comment,
			trunc_comment = substring(:t:a_comment, 1, 30) + condition(char_length(:t:a_comment) > 30, '...', ''),
			:t:a_transaction_type,
			:t:a_amount,
			plus_amt = condition(:t:a_amount > $0, :t:a_amount, null),
			minus_amt = condition(:t:a_amount < $0, :t:a_amount, null)
		from
			/apps/kardia/data/Kardia_DB/a_transaction/rows t,
			/apps/kardia/data/Kardia_DB/a_fund/rows c,
			/apps/kardia/data/Kardia_DB/a_account/rows a
		where
			:t:a_ledger_number = :this:ledger and
			:t:a_fund *= :c:a_fund and
			:t:a_account_code *= :a:a_account_code and
			:c:a_ledger_number =* :t:a_ledger_number and
			:a:a_ledger_number =* :t:a_ledger_number and
			datepart(year, :t:a_effective_date) = :year_qy:year " +

			    condition(:this:balfund is null, '', ' and :c:a_bal_fund = :this:balfund') + 
			    condition(:this:fund is null, '', ' and :t:a_fund = :this:fund') + 
			    condition(:this:account is null, '', ' and :t:a_account_code = :this:account') + 
			    condition(:this:ctlaccount is null, '', ' and :t:a_account_category = :this:ctlaccount') + 
			    condition(:this:batch is null, '', ' and :t:a_batch_number = :this:batch') + 
			    condition(:this:startperiod is null, '', ' and :t:a_period >= :this:startperiod') + 
			    condition(:this:endperiod is null, '', ' and :t:a_period <= :this:endperiod') + 
			    condition(:this:startdate is null, '', ' and :t:a_effective_date >= :this:startdate') + 
			    condition(:this:enddate is null, '', ' and :t:a_effective_date <= :this:enddate') + 
			    condition(:this:hide1900, ' and :t:a_account_code != "1900"', '') + 
			    condition(:this:onlyequity, ' and :t:a_account_code >= "3000" and :t:a_account_code <= "5999"', '') + 
			    condition(:this:origin is null, '', ' and :t:a_origin = :this:origin') + 

		" order by " +

			    condition(:this:sortby == "pbjt", ":t:a_period, :t:a_batch_number, :t:a_journal_number, :t:a_transaction_number", "") +
			    condition(:this:sortby == "cca", ":t:a_fund, :t:a_account_code", "") +
			    condition(:this:sortby == "acc", ":t:a_account_code, :t:a_fund", "") +
			    condition(:this:sortby == "date", ":t:a_effective_date, :t:a_batch_number, :t:a_journal_number, :t:a_transaction_number", "") +
			    condition(:this:sortby == "pdate", ":t:a_period, :t:a_effective_date, :t:a_batch_number, :t:a_journal_number, :t:a_transaction_number", "") +
		"");
	plus_sum "report/aggregate" { compute="isnull(sum(:plus_amt),$0)"; reset=0; }
	minus_sum "report/aggregate" { compute="isnull(sum(:minus_amt),$0)"; reset=0; }
	rowid "report/aggregate" { compute="count(1)"; reset=0; }

	// Subtotals by Period
	p_plus_sum "report/aggregate" { compute="isnull(sum(:plus_amt),$0)"; reset=1; }
	p_minus_sum "report/aggregate" { compute="isnull(sum(:minus_amt),$0)"; reset=1; }
	p_plus_sum2 "report/aggregate" { compute="isnull(sum(:plus_amt),$0)"; reset=1; }
	p_minus_sum2 "report/aggregate" { compute="isnull(sum(:minus_amt),$0)"; reset=1; }
	pc_plus_sum "report/aggregate" { compute="isnull(sum(:plus_amt),$0)"; reset=0; }
	pc_minus_sum "report/aggregate" { compute="isnull(sum(:minus_amt),$0)"; reset=0; }
	}

    ledger_form "report/form"
	{
	source = ledger_qy, year_qy, acct_qy, fund_qy;

	rpt_title "report/area"
	    {
	    x=0; width=80; height=2;
	    font=helvetica;
	    align=center;
	    t_d1 "report/data" { value = runserver("GL Transaction Report for " + :ledger_qy:a_ledger_desc + " (" + :ledger_qy:a_ledger_number + ")\n"); }
	    t_d2 "report/data" { value = runserver("Requested by " + user_name() + " on " + getdate() + "\n"); }
	    }

	rpt_criteria "report/area"
	    {
	    x=0; width=80; height=1;
	    font=helvetica;
	    fontsize=8;
	    c_d0 "report/data" { value = runserver("Year: " + :this:year_period + "\n"); }
	    c_d1 "report/data"
		{ 
		condition = runserver(not (:this:balfund is null));
		value = runserver("Balancing Fund: " + :this:balfund + "\n"); 
		}
	    c_d2 "report/data"
		{ 
		condition = runserver(not (:this:fund is null));
		value = runserver("Fund: " + :this:fund + " - " + :fund_qy:fund_name + "\n"); 
		}
	    c_d3 "report/data"
		{ 
		condition = runserver(not (:this:account is null));
		value = runserver("Account: " + :this:account + " - " + :acct_qy:acct_name + "\n"); 
		}
	    c_d3b "report/data"
		{ 
		condition = runserver(not (:this:ctlaccount is null));
		value = runserver("Ctl Account: " + :this:ctlaccount + "\n"); 
		}
	    c_d4 "report/data"
		{ 
		condition = runserver(not (:this:batch is null));
		value = runserver("Batch: " + :this:batch + "\n"); 
		}
	    c_d5 "report/data"
		{ 
		condition = runserver(not (:this:startperiod is null));
		value = runserver("Starting Period: " + :this:startperiod + "\n"); 
		}
	    c_d6 "report/data"
		{ 
		condition = runserver(not (:this:endperiod is null));
		value = runserver("Ending Period: " + :this:endperiod + "\n"); 
		}
	    c_d7 "report/data"
		{ 
		condition = runserver(not (:this:startdate is null));
		value = runserver("Starting Date: " + :this:startdate + "\n"); 
		}
	    c_d8 "report/data"
		{ 
		condition = runserver(not (:this:enddate is null));
		value = runserver("Ending Date: " + :this:enddate + "\n"); 
		}
	    c_d9 "report/data"
		{ 
		condition = runserver(not (:this:origin is null));
		value = runserver("Transaction Type: " + :this:origin + "\n"); 
		}
	    c_d10 "report/data"
		{ 
		condition = runserver(:this:hide1900);
		value = runserver("NOT showing acct '1900' entries\n"); 
		}
	    c_d11 "report/data"
		{ 
		condition = runserver(:this:onlyequity);
		value = runserver("Showing ONLY Equity/Revenue/Expense\n"); 
		}
	    c_d12 "report/data" { value = runserver("\n"); }
	    }

	form "report/form"
	    {
	    source=balfwd_qy;

	    table "report/table"
		{
		x=0; width=80; height=0;
		columns=11;
		widths=5,4,4,3,3,6,3,5,20,9,9;
		colsep=0.8;
		source=trx_qy;
		topborder=0.3;
		bottomborder=0.3;

		nullformat="";
		dateformat="MMM-dd";
		moneyformat = "###,###,###.00-";

		tbl_hdr "report/table-row"
		    {
		    font=helvetica;
		    fontsize=8;
		    header=yes;
		    bottomborder=0.05;
		    h_period "report/table-cell" { value='Period'; align=center; style=bold; }
		    h_date "report/table-cell" { value='Date'; align=center; style=bold; }
		    h_batch "report/table-cell" { value='Batch'; align=center; style=bold; }
		    h_jnl "report/table-cell" { value='Jnl'; align=center; style=bold; }
		    h_trx "report/table-cell" { value='Trx'; align=center; style=bold; }
		    h_cc "report/table-cell" { value='Fund'; align=center; style=bold; }
		    h_ctlacct "report/table-cell" { value='Ctl'; align=center; style=bold; }
		    h_acct "report/table-cell" { value='Account'; align=center; style=bold; }
		    h_comment "report/table-cell" { value='Comments'; align=center; style=bold; }
		    h_debit "report/table-cell" { value='DR +'; align=center; style=bold; }
		    h_credit "report/table-cell" { value='CR -'; align=center; style=bold; }
		    }

		tbl_hdr_balfwd "report/table-row"
		    {
		    condition=runserver(:balfwd_qy:cnt > 0);
		    font=helvetica;
		    fontsize=8;
		    header=yes;
		    bottomborder=0.05;
		    h2_period "report/table-cell" { value=''; align=center; style=bold; }
		    h2_date "report/table-cell" { value=''; align=center; style=bold; }
		    h2_batch "report/table-cell" { value=''; align=center; style=bold; }
		    h2_jnl "report/table-cell" { value=''; align=center; style=bold; }
		    h2_trx "report/table-cell" { value=''; align=center; style=bold; }
		    h2_cc "report/table-cell" { value=''; align=center; style=bold; }
		    h2_ctlacct "report/table-cell" { value=''; align=center; style=bold; }
		    h2_acct "report/table-cell" { value=''; align=center; style=bold; }
		    h2_comment "report/table-cell" { value='Balance Forward:'; align=right; style=bold; }
		    h2_debit "report/table-cell" { value=runserver(condition(:balfwd_qy:total > $0, :balfwd_qy:total, null)); align=right; style=bold; font=courier; }
		    h2_credit "report/table-cell" { value=runserver(condition(:balfwd_qy:total <= $0, :balfwd_qy:total, null)); align=right; style=bold; font=courier; }
		    }

		tbl_row "report/table-row"
		    {
		    font=courier;
		    fontsize=8;
		    marginbottom=0.1;
		    margintop=0.15;
		    bgcolor = runserver(condition((:trx_qy:rowid / 2) * 2 == :trx_qy:rowid, '#f0f0f0', null));

		    d_period "report/table-cell" { value=runserver(:trx_qy:a_period); align=left; }
		    d_date "report/table-cell" { value=runserver(:trx_qy:a_effective_date); align=left; }
		    d_batch "report/table-cell" { value=runserver(:trx_qy:a_batch_number); align=left; }
		    d_jnl "report/table-cell" { value=runserver(:trx_qy:a_journal_number); align=left; }
		    d_trx "report/table-cell" { value=runserver(:trx_qy:a_transaction_number); align=left; }
		    d_cc "report/table-cell" { value=runserver(:trx_qy:a_fund); align=left; }
		    d_ctlacct "report/table-cell" { value=runserver(:trx_qy:a_account_category); align=left; }
		    d_acct "report/table-cell" { value=runserver(:trx_qy:a_account_code); align=left; }
		    d_comment "report/table-cell" { value=runserver(:trx_qy:trunc_comment); align=left; font=helvetica; }
		    d_debit "report/table-cell" { value=runserver(:trx_qy:plus_amt); align=right; }
		    d_credit "report/table-cell" { value=runserver(:trx_qy:minus_amt); align=right; }
		    }

//		tbl_sep_row "report/table-row"
//		    {
//		    condition = runserver((:trx_qy:rowid / 5) * 5 == :trx_qy:rowid);
//		    bottomborder=0.021;
//		    }

		per_subtotal "report/table-row"
		    {
		    condition = runserver(:this:persubttl == 1);
		    summary=yes;
		    summarize_for = runserver(:trx_qy:a_period);
		    font = courier;
		    style = bold;
		    fontsize = 8;
		    topborder = 0.05;
		    //marginbottom = 1.0;
		    marginbottom = 0.0;

		    p_period "report/table-cell" { value=''; align=left; }
		    p_date "report/table-cell" { value=''; align=left; }
		    p_batch "report/table-cell" { value=''; align=left; }
		    p_jnl "report/table-cell" { value=''; align=left; }
		    p_trx "report/table-cell" { value=''; align=left; }
		    p_cc "report/table-cell" { value=''; align=left; }
		    p_ctlacct "report/table-cell" { value=''; align=left; }
		    p_acct "report/table-cell" { value=''; align=left; }
		    p_comment "report/table-cell" { value=runserver('SUBTOTAL: ' + (:trx_qy:p_plus_sum + :trx_qy:p_minus_sum) + ''); align=right; }
		    p_debit "report/table-cell" { value=runserver(:trx_qy:p_plus_sum2); align=right; }
		    p_credit "report/table-cell" { value=runserver(:trx_qy:p_minus_sum2); align=right; }
		    }

		per_cum_subtotal "report/table-row"
		    {
		    condition = runserver(:this:persubttl == 1);
		    summary=yes;
		    summarize_for = runserver(:trx_qy:a_period);
		    font = courier;
		    style = bold;
		    fontsize = 8;
		    //topborder = 0.05;
		    marginbottom = 1.0;

		    pc_period "report/table-cell" { value=''; align=left; }
		    pc_date "report/table-cell" { value=''; align=left; }
		    pc_batch "report/table-cell" { value=''; align=left; }
		    pc_jnl "report/table-cell" { value=''; align=left; }
		    pc_trx "report/table-cell" { value=''; align=left; }
		    pc_cc "report/table-cell" { value=''; align=left; }
		    pc_ctlacct "report/table-cell" { value=''; align=left; }
		    pc_acct "report/table-cell" { value=''; align=left; }
		    pc_comment "report/table-cell" { value=runserver('YEAR TO DATE: ' + (:trx_qy:pc_plus_sum + :trx_qy:pc_minus_sum + :balfwd_qy:total) + ''); align=right; }
		    pc_debit "report/table-cell" { value=runserver(:trx_qy:pc_plus_sum + condition(:balfwd_qy:total > $0, :balfwd_qy:total, $0)); align=right; }
		    pc_credit "report/table-cell" { value=runserver(:trx_qy:pc_minus_sum + condition(:balfwd_qy:total <= $0, :balfwd_qy:total, $0)); align=right; }
		    }

		tbl_sum "report/table-row"
		    {
		    summary=yes;
		    font=courier;
		    fontsize=8;
		    topborder=0.05;
		    //bottomborder=0.05;
		    style=bold;

		    s_period "report/table-cell" { value=''; align=left; }
		    s_date "report/table-cell" { value=''; align=left; }
		    s_batch "report/table-cell" { value=''; align=left; }
		    s_jnl "report/table-cell" { value=''; align=left; }
		    s_trx "report/table-cell" { value=''; align=left; }
		    s_cc "report/table-cell" { value=''; align=left; }
		    s_ctlacct "report/table-cell" { value=''; align=left; }
		    s_acct "report/table-cell" { value=''; align=left; }
		    s_comment "report/table-cell" { value=runserver('TOTAL: ' + (:trx_qy:plus_sum + :trx_qy:minus_sum) + ''); align=right; }
		    s_debit "report/table-cell" { value=runserver(:trx_qy:plus_sum); align=right; }
		    s_credit "report/table-cell" { value=runserver(:trx_qy:minus_sum); align=right; }
		    }
		tbl_sum_balfwd "report/table-row"
		    {
		    condition=runserver(:balfwd_qy:cnt > 0);
		    font=courier;
		    fontsize=8;
		    style=bold;
		    summary=yes;
		    bottomborder=0.05;

		    s2_period "report/table-cell" { value=''; align=center; style=bold; }
		    s2_date "report/table-cell" { value=''; align=center; style=bold; }
		    s2_batch "report/table-cell" { value=''; align=center; style=bold; }
		    s2_jnl "report/table-cell" { value=''; align=center; style=bold; }
		    s2_trx "report/table-cell" { value=''; align=center; style=bold; }
		    s2_cc "report/table-cell" { value=''; align=center; style=bold; }
		    s2_ctlacct "report/table-cell" { value=''; align=center; style=bold; }
		    s2_acct "report/table-cell" { value=''; align=center; style=bold; }
		    s2_comment "report/table-cell" { value=runserver('With Bal Fwd: ' + (:trx_qy:plus_sum + :trx_qy:minus_sum + :balfwd_qy:total) + ''); align=right; style=bold; }
		    s2_debit "report/table-cell" { value=runserver(:trx_qy:plus_sum + condition(:balfwd_qy:total > $0, :balfwd_qy:total, $0)); align=right; }
		    s2_credit "report/table-cell" { value=runserver(:trx_qy:minus_sum + condition(:balfwd_qy:total <= $0, :balfwd_qy:total, $0)); align=right; }
		    }
		}
	    }
	}
    }
